{
  "architectures": [
    "LlamaForCausalLM"
  ],
  "attention_bias": false,
  "attention_dropout": 0.0,
  "bos_token_id": 1,
  "eos_token_id": 2,
  "hidden_act": "silu",
  "hidden_size": 8,
  "initializer_range": 0.02,
  "intermediate_size": 5,
  "max_position_embeddings": 4096,
  "model_type": "llama",
  "num_attention_heads": 4,
  "num_hidden_layers": 1,
  "num_key_value_heads": 4,
  "pad_token_id": 0,
  "pretraining_tp": 1,
  "rms_norm_eps": 1e-05,
  "rope_scaling": null,
  "rope_theta": 10000.0,
  "tie_word_embeddings": false,
  "torch_dtype": "float32",
  "transformers_version": "4.38.2",
  "use_cache": true,
  "vocab_size": 7
}
